// Jest Snapshot v1, https://goo.gl/fbAQLP

exports[`Button Block renders correctly 1`] = `
<button
  className="sc-bczRLJ fBHdyQ"
  disabled={false}
/>
`;
