// Jest Snapshot v1, https://goo.gl/fbAQLP

exports[`WorkExperienceAddModal Block should render correctly 1`] = `null`;
